Copyright 1986-2019 Xilinx, Inc. All Rights Reserved.
--------------------------------------------------------------------------------------------------------------------------------------------------------------------------------------
| Tool Version : Vivado v.2019.1 (win64) Build 2552052 Fri May 24 14:49:42 MDT 2019
| Date         : Fri Aug 13 00:35:21 2021
| Host         : DESKTOP-NDOLUA7 running 64-bit major release  (build 9200)
| Command      : report_methodology -file Division_wrapper_methodology_drc_routed.rpt -pb Division_wrapper_methodology_drc_routed.pb -rpx Division_wrapper_methodology_drc_routed.rpx
| Design       : Division_wrapper
| Device       : xc7a100tcsg324-1
| Speed File   : -1
| Design State : Fully Routed
--------------------------------------------------------------------------------------------------------------------------------------------------------------------------------------

Report Methodology

Table of Contents
-----------------
1. REPORT SUMMARY
2. REPORT DETAILS

1. REPORT SUMMARY
-----------------
            Netlist: netlist
          Floorplan: design_1
      Design limits: <entire design considered>
             Max violations: <unlimited>
             Violations found: 188
+-----------+------------------+------------------------------------------------------------------+------------+
| Rule      | Severity         | Description                                                      | Violations |
+-----------+------------------+------------------------------------------------------------------+------------+
| TIMING-17 | Critical Warning | Non-clocked sequential cell                                      | 171        |
| CKLD-2    | Warning          | Clock Net has IO Driver, not a Clock Buf, and/or non-Clock loads | 1          |
| TIMING-20 | Warning          | Non-clocked latch                                                | 16         |
+-----------+------------------+------------------------------------------------------------------+------------+

2. REPORT DETAILS
-----------------
TIMING-17#1 Critical Warning
Non-clocked sequential cell  
The clock pin Division_i/floating_point_0/U0/i_synth/FIX_TO_FLT_OP.SPD.OP/EXP/ZERO_DELAY/i_pipe/opt_has_pipe.first_q_reg[0]_srl2/CLK is not reached by a timing clock
Related violations: <none>

TIMING-17#2 Critical Warning
Non-clocked sequential cell  
The clock pin Division_i/floating_point_0/U0/i_synth/FIX_TO_FLT_OP.SPD.OP/EXP/ZERO_DELAY/i_pipe/opt_has_pipe.i_pipe[2].pipe_reg[2][0]/C is not reached by a timing clock
Related violations: <none>

TIMING-17#3 Critical Warning
Non-clocked sequential cell  
The clock pin Division_i/floating_point_0/U0/i_synth/FIX_TO_FLT_OP.SPD.OP/FIXED_DATA_SIGNED.M_ABS/Q_DEL/i_pipe/opt_has_pipe.first_q_reg[10]/C is not reached by a timing clock
Related violations: <none>

TIMING-17#4 Critical Warning
Non-clocked sequential cell  
The clock pin Division_i/floating_point_0/U0/i_synth/FIX_TO_FLT_OP.SPD.OP/FIXED_DATA_SIGNED.M_ABS/Q_DEL/i_pipe/opt_has_pipe.first_q_reg[11]/C is not reached by a timing clock
Related violations: <none>

TIMING-17#5 Critical Warning
Non-clocked sequential cell  
The clock pin Division_i/floating_point_0/U0/i_synth/FIX_TO_FLT_OP.SPD.OP/FIXED_DATA_SIGNED.M_ABS/Q_DEL/i_pipe/opt_has_pipe.first_q_reg[12]/C is not reached by a timing clock
Related violations: <none>

TIMING-17#6 Critical Warning
Non-clocked sequential cell  
The clock pin Division_i/floating_point_0/U0/i_synth/FIX_TO_FLT_OP.SPD.OP/FIXED_DATA_SIGNED.M_ABS/Q_DEL/i_pipe/opt_has_pipe.first_q_reg[13]/C is not reached by a timing clock
Related violations: <none>

TIMING-17#7 Critical Warning
Non-clocked sequential cell  
The clock pin Division_i/floating_point_0/U0/i_synth/FIX_TO_FLT_OP.SPD.OP/FIXED_DATA_SIGNED.M_ABS/Q_DEL/i_pipe/opt_has_pipe.first_q_reg[14]/C is not reached by a timing clock
Related violations: <none>

TIMING-17#8 Critical Warning
Non-clocked sequential cell  
The clock pin Division_i/floating_point_0/U0/i_synth/FIX_TO_FLT_OP.SPD.OP/FIXED_DATA_SIGNED.M_ABS/Q_DEL/i_pipe/opt_has_pipe.first_q_reg[15]/C is not reached by a timing clock
Related violations: <none>

TIMING-17#9 Critical Warning
Non-clocked sequential cell  
The clock pin Division_i/floating_point_0/U0/i_synth/FIX_TO_FLT_OP.SPD.OP/FIXED_DATA_SIGNED.M_ABS/Q_DEL/i_pipe/opt_has_pipe.first_q_reg[17]/C is not reached by a timing clock
Related violations: <none>

TIMING-17#10 Critical Warning
Non-clocked sequential cell  
The clock pin Division_i/floating_point_0/U0/i_synth/FIX_TO_FLT_OP.SPD.OP/FIXED_DATA_SIGNED.M_ABS/Q_DEL/i_pipe/opt_has_pipe.first_q_reg[18]/C is not reached by a timing clock
Related violations: <none>

TIMING-17#11 Critical Warning
Non-clocked sequential cell  
The clock pin Division_i/floating_point_0/U0/i_synth/FIX_TO_FLT_OP.SPD.OP/FIXED_DATA_SIGNED.M_ABS/Q_DEL/i_pipe/opt_has_pipe.first_q_reg[19]/C is not reached by a timing clock
Related violations: <none>

TIMING-17#12 Critical Warning
Non-clocked sequential cell  
The clock pin Division_i/floating_point_0/U0/i_synth/FIX_TO_FLT_OP.SPD.OP/FIXED_DATA_SIGNED.M_ABS/Q_DEL/i_pipe/opt_has_pipe.first_q_reg[1]/C is not reached by a timing clock
Related violations: <none>

TIMING-17#13 Critical Warning
Non-clocked sequential cell  
The clock pin Division_i/floating_point_0/U0/i_synth/FIX_TO_FLT_OP.SPD.OP/FIXED_DATA_SIGNED.M_ABS/Q_DEL/i_pipe/opt_has_pipe.first_q_reg[21]/C is not reached by a timing clock
Related violations: <none>

TIMING-17#14 Critical Warning
Non-clocked sequential cell  
The clock pin Division_i/floating_point_0/U0/i_synth/FIX_TO_FLT_OP.SPD.OP/FIXED_DATA_SIGNED.M_ABS/Q_DEL/i_pipe/opt_has_pipe.first_q_reg[22]/C is not reached by a timing clock
Related violations: <none>

TIMING-17#15 Critical Warning
Non-clocked sequential cell  
The clock pin Division_i/floating_point_0/U0/i_synth/FIX_TO_FLT_OP.SPD.OP/FIXED_DATA_SIGNED.M_ABS/Q_DEL/i_pipe/opt_has_pipe.first_q_reg[23]/C is not reached by a timing clock
Related violations: <none>

TIMING-17#16 Critical Warning
Non-clocked sequential cell  
The clock pin Division_i/floating_point_0/U0/i_synth/FIX_TO_FLT_OP.SPD.OP/FIXED_DATA_SIGNED.M_ABS/Q_DEL/i_pipe/opt_has_pipe.first_q_reg[25]/C is not reached by a timing clock
Related violations: <none>

TIMING-17#17 Critical Warning
Non-clocked sequential cell  
The clock pin Division_i/floating_point_0/U0/i_synth/FIX_TO_FLT_OP.SPD.OP/FIXED_DATA_SIGNED.M_ABS/Q_DEL/i_pipe/opt_has_pipe.first_q_reg[26]/C is not reached by a timing clock
Related violations: <none>

TIMING-17#18 Critical Warning
Non-clocked sequential cell  
The clock pin Division_i/floating_point_0/U0/i_synth/FIX_TO_FLT_OP.SPD.OP/FIXED_DATA_SIGNED.M_ABS/Q_DEL/i_pipe/opt_has_pipe.first_q_reg[27]/C is not reached by a timing clock
Related violations: <none>

TIMING-17#19 Critical Warning
Non-clocked sequential cell  
The clock pin Division_i/floating_point_0/U0/i_synth/FIX_TO_FLT_OP.SPD.OP/FIXED_DATA_SIGNED.M_ABS/Q_DEL/i_pipe/opt_has_pipe.first_q_reg[29]/C is not reached by a timing clock
Related violations: <none>

TIMING-17#20 Critical Warning
Non-clocked sequential cell  
The clock pin Division_i/floating_point_0/U0/i_synth/FIX_TO_FLT_OP.SPD.OP/FIXED_DATA_SIGNED.M_ABS/Q_DEL/i_pipe/opt_has_pipe.first_q_reg[2]/C is not reached by a timing clock
Related violations: <none>

TIMING-17#21 Critical Warning
Non-clocked sequential cell  
The clock pin Division_i/floating_point_0/U0/i_synth/FIX_TO_FLT_OP.SPD.OP/FIXED_DATA_SIGNED.M_ABS/Q_DEL/i_pipe/opt_has_pipe.first_q_reg[30]/C is not reached by a timing clock
Related violations: <none>

TIMING-17#22 Critical Warning
Non-clocked sequential cell  
The clock pin Division_i/floating_point_0/U0/i_synth/FIX_TO_FLT_OP.SPD.OP/FIXED_DATA_SIGNED.M_ABS/Q_DEL/i_pipe/opt_has_pipe.first_q_reg[3]/C is not reached by a timing clock
Related violations: <none>

TIMING-17#23 Critical Warning
Non-clocked sequential cell  
The clock pin Division_i/floating_point_0/U0/i_synth/FIX_TO_FLT_OP.SPD.OP/FIXED_DATA_SIGNED.M_ABS/Q_DEL/i_pipe/opt_has_pipe.first_q_reg[4]/C is not reached by a timing clock
Related violations: <none>

TIMING-17#24 Critical Warning
Non-clocked sequential cell  
The clock pin Division_i/floating_point_0/U0/i_synth/FIX_TO_FLT_OP.SPD.OP/FIXED_DATA_SIGNED.M_ABS/Q_DEL/i_pipe/opt_has_pipe.first_q_reg[5]/C is not reached by a timing clock
Related violations: <none>

TIMING-17#25 Critical Warning
Non-clocked sequential cell  
The clock pin Division_i/floating_point_0/U0/i_synth/FIX_TO_FLT_OP.SPD.OP/FIXED_DATA_SIGNED.M_ABS/Q_DEL/i_pipe/opt_has_pipe.first_q_reg[6]/C is not reached by a timing clock
Related violations: <none>

TIMING-17#26 Critical Warning
Non-clocked sequential cell  
The clock pin Division_i/floating_point_0/U0/i_synth/FIX_TO_FLT_OP.SPD.OP/FIXED_DATA_SIGNED.M_ABS/Q_DEL/i_pipe/opt_has_pipe.first_q_reg[7]/C is not reached by a timing clock
Related violations: <none>

TIMING-17#27 Critical Warning
Non-clocked sequential cell  
The clock pin Division_i/floating_point_0/U0/i_synth/FIX_TO_FLT_OP.SPD.OP/FIXED_DATA_SIGNED.M_ABS/Q_DEL/i_pipe/opt_has_pipe.first_q_reg[9]/C is not reached by a timing clock
Related violations: <none>

TIMING-17#28 Critical Warning
Non-clocked sequential cell  
The clock pin Division_i/floating_point_0/U0/i_synth/FIX_TO_FLT_OP.SPD.OP/LZE/ENCODE[0].MUX_0/OP_DEL/i_pipe/opt_has_pipe.first_q_reg[0]/C is not reached by a timing clock
Related violations: <none>

TIMING-17#29 Critical Warning
Non-clocked sequential cell  
The clock pin Division_i/floating_point_0/U0/i_synth/FIX_TO_FLT_OP.SPD.OP/LZE/ENCODE[0].MUX_0/OP_DEL/i_pipe/opt_has_pipe.first_q_reg[1]/C is not reached by a timing clock
Related violations: <none>

TIMING-17#30 Critical Warning
Non-clocked sequential cell  
The clock pin Division_i/floating_point_0/U0/i_synth/FIX_TO_FLT_OP.SPD.OP/LZE/ENCODE[0].MUX_0/OP_DEL/i_pipe/opt_has_pipe.first_q_reg[2]/C is not reached by a timing clock
Related violations: <none>

TIMING-17#31 Critical Warning
Non-clocked sequential cell  
The clock pin Division_i/floating_point_0/U0/i_synth/FIX_TO_FLT_OP.SPD.OP/LZE/ENCODE[0].MUX_0/OP_DEL/i_pipe/opt_has_pipe.first_q_reg[3]/C is not reached by a timing clock
Related violations: <none>

TIMING-17#32 Critical Warning
Non-clocked sequential cell  
The clock pin Division_i/floating_point_0/U0/i_synth/FIX_TO_FLT_OP.SPD.OP/LZE/ENCODE[0].MUX_Z/OP_DEL/i_pipe/opt_has_pipe.first_q_reg[0]/C is not reached by a timing clock
Related violations: <none>

TIMING-17#33 Critical Warning
Non-clocked sequential cell  
The clock pin Division_i/floating_point_0/U0/i_synth/FIX_TO_FLT_OP.SPD.OP/LZE/ENCODE[0].MUX_Z/OP_DEL/i_pipe/opt_has_pipe.first_q_reg[1]/C is not reached by a timing clock
Related violations: <none>

TIMING-17#34 Critical Warning
Non-clocked sequential cell  
The clock pin Division_i/floating_point_0/U0/i_synth/FIX_TO_FLT_OP.SPD.OP/LZE/ENCODE[0].MUX_Z/OP_DEL/i_pipe/opt_has_pipe.first_q_reg[2]/C is not reached by a timing clock
Related violations: <none>

TIMING-17#35 Critical Warning
Non-clocked sequential cell  
The clock pin Division_i/floating_point_0/U0/i_synth/FIX_TO_FLT_OP.SPD.OP/LZE/ENCODE[1].MUX_0/OP_DEL/i_pipe/opt_has_pipe.first_q_reg[0]/C is not reached by a timing clock
Related violations: <none>

TIMING-17#36 Critical Warning
Non-clocked sequential cell  
The clock pin Division_i/floating_point_0/U0/i_synth/FIX_TO_FLT_OP.SPD.OP/LZE/ZERO_DET_CC_1/CHAIN_GEN[0].CARRYS_DEL.NEED_DEL.CARRYS_FD/C is not reached by a timing clock
Related violations: <none>

TIMING-17#37 Critical Warning
Non-clocked sequential cell  
The clock pin Division_i/floating_point_0/U0/i_synth/FIX_TO_FLT_OP.SPD.OP/LZE/ZERO_DET_CC_1/CHAIN_GEN[1].CARRYS_DEL.NEED_DEL.CARRYS_FD/C is not reached by a timing clock
Related violations: <none>

TIMING-17#38 Critical Warning
Non-clocked sequential cell  
The clock pin Division_i/floating_point_0/U0/i_synth/FIX_TO_FLT_OP.SPD.OP/LZE/ZERO_DET_CC_1/CHAIN_GEN[2].CARRYS_DEL.NEED_DEL.CARRYS_FD/C is not reached by a timing clock
Related violations: <none>

TIMING-17#39 Critical Warning
Non-clocked sequential cell  
The clock pin Division_i/floating_point_0/U0/i_synth/FIX_TO_FLT_OP.SPD.OP/LZE/ZERO_DET_CC_1/CHAIN_GEN[3].CARRYS_DEL.NEED_DEL.CARRYS_FD/C is not reached by a timing clock
Related violations: <none>

TIMING-17#40 Critical Warning
Non-clocked sequential cell  
The clock pin Division_i/floating_point_0/U0/i_synth/FIX_TO_FLT_OP.SPD.OP/LZE/ZERO_DET_CC_1/CHAIN_GEN[4].CARRYS_DEL.NEED_DEL.CARRYS_FD/C is not reached by a timing clock
Related violations: <none>

TIMING-17#41 Critical Warning
Non-clocked sequential cell  
The clock pin Division_i/floating_point_0/U0/i_synth/FIX_TO_FLT_OP.SPD.OP/LZE/ZERO_DET_CC_1/CHAIN_GEN[5].CARRYS_DEL.NEED_DEL.CARRYS_FD/C is not reached by a timing clock
Related violations: <none>

TIMING-17#42 Critical Warning
Non-clocked sequential cell  
The clock pin Division_i/floating_point_0/U0/i_synth/FIX_TO_FLT_OP.SPD.OP/LZE/ZERO_DET_CC_1/CHAIN_GEN[6].CARRYS_DEL.NEED_DEL.CARRYS_FD/C is not reached by a timing clock
Related violations: <none>

TIMING-17#43 Critical Warning
Non-clocked sequential cell  
The clock pin Division_i/floating_point_0/U0/i_synth/FIX_TO_FLT_OP.SPD.OP/LZE/ZERO_DET_CC_1/CHAIN_GEN[7].CARRYS_DEL.NEED_DEL.CARRYS_FD/C is not reached by a timing clock
Related violations: <none>

TIMING-17#44 Critical Warning
Non-clocked sequential cell  
The clock pin Division_i/floating_point_0/U0/i_synth/FIX_TO_FLT_OP.SPD.OP/LZE/ZERO_DET_CC_2.CC/CHAIN_GEN[0].CARRYS_DEL.NEED_DEL.CARRYS_FD/C is not reached by a timing clock
Related violations: <none>

TIMING-17#45 Critical Warning
Non-clocked sequential cell  
The clock pin Division_i/floating_point_0/U0/i_synth/FIX_TO_FLT_OP.SPD.OP/LZE/ZERO_DET_CC_2.CC/CHAIN_GEN[1].CARRYS_DEL.NEED_DEL.CARRYS_FD/C is not reached by a timing clock
Related violations: <none>

TIMING-17#46 Critical Warning
Non-clocked sequential cell  
The clock pin Division_i/floating_point_0/U0/i_synth/FIX_TO_FLT_OP.SPD.OP/LZE/ZERO_DET_CC_2.CC/CHAIN_GEN[2].CARRYS_DEL.NEED_DEL.CARRYS_FD/C is not reached by a timing clock
Related violations: <none>

TIMING-17#47 Critical Warning
Non-clocked sequential cell  
The clock pin Division_i/floating_point_0/U0/i_synth/FIX_TO_FLT_OP.SPD.OP/LZE/ZERO_DET_CC_2.CC/CHAIN_GEN[3].CARRYS_DEL.NEED_DEL.CARRYS_FD/C is not reached by a timing clock
Related violations: <none>

TIMING-17#48 Critical Warning
Non-clocked sequential cell  
The clock pin Division_i/floating_point_0/U0/i_synth/FIX_TO_FLT_OP.SPD.OP/LZE/ZERO_DET_CC_2.CC/CHAIN_GEN[4].CARRYS_DEL.NEED_DEL.CARRYS_FD/C is not reached by a timing clock
Related violations: <none>

TIMING-17#49 Critical Warning
Non-clocked sequential cell  
The clock pin Division_i/floating_point_0/U0/i_synth/FIX_TO_FLT_OP.SPD.OP/LZE/ZERO_DET_CC_2.CC/CHAIN_GEN[5].CARRYS_DEL.NEED_DEL.CARRYS_FD/C is not reached by a timing clock
Related violations: <none>

TIMING-17#50 Critical Warning
Non-clocked sequential cell  
The clock pin Division_i/floating_point_0/U0/i_synth/FIX_TO_FLT_OP.SPD.OP/LZE/ZERO_DET_CC_2.CC/CHAIN_GEN[6].CARRYS_DEL.NEED_DEL.CARRYS_FD/C is not reached by a timing clock
Related violations: <none>

TIMING-17#51 Critical Warning
Non-clocked sequential cell  
The clock pin Division_i/floating_point_0/U0/i_synth/FIX_TO_FLT_OP.SPD.OP/LZE/ZERO_DET_CC_2.CC/CHAIN_GEN[7].CARRYS_DEL.NEED_DEL.CARRYS_FD/C is not reached by a timing clock
Related violations: <none>

TIMING-17#52 Critical Warning
Non-clocked sequential cell  
The clock pin Division_i/floating_point_0/U0/i_synth/FIX_TO_FLT_OP.SPD.OP/NEED_Z_DET.Z_DET/ENCODE[0].DIST_OVER_DEL/i_pipe/opt_has_pipe.first_q_reg[0]/C is not reached by a timing clock
Related violations: <none>

TIMING-17#53 Critical Warning
Non-clocked sequential cell  
The clock pin Division_i/floating_point_0/U0/i_synth/FIX_TO_FLT_OP.SPD.OP/NEED_Z_DET.Z_DET/ENCODE[0].Z_DET_DEL/i_pipe/opt_has_pipe.first_q_reg[0]/C is not reached by a timing clock
Related violations: <none>

TIMING-17#54 Critical Warning
Non-clocked sequential cell  
The clock pin Division_i/floating_point_0/U0/i_synth/FIX_TO_FLT_OP.SPD.OP/NEED_Z_DET.Z_DET/ENCODE[0].Z_DET_DEL/i_pipe/opt_has_pipe.first_q_reg[1]/C is not reached by a timing clock
Related violations: <none>

TIMING-17#55 Critical Warning
Non-clocked sequential cell  
The clock pin Division_i/floating_point_0/U0/i_synth/FIX_TO_FLT_OP.SPD.OP/NEED_Z_DET.Z_DET/ENCODE[0].Z_DET_DEL/i_pipe/opt_has_pipe.first_q_reg[2]/C is not reached by a timing clock
Related violations: <none>

TIMING-17#56 Critical Warning
Non-clocked sequential cell  
The clock pin Division_i/floating_point_0/U0/i_synth/FIX_TO_FLT_OP.SPD.OP/NEED_Z_DET.Z_DET/ENCODE[0].Z_DET_DEL/i_pipe/opt_has_pipe.first_q_reg[3]/C is not reached by a timing clock
Related violations: <none>

TIMING-17#57 Critical Warning
Non-clocked sequential cell  
The clock pin Division_i/floating_point_0/U0/i_synth/FIX_TO_FLT_OP.SPD.OP/NEED_Z_DET.Z_DET/ENCODE[1].Z_DET_DEL/i_pipe/opt_has_pipe.first_q_reg[0]/C is not reached by a timing clock
Related violations: <none>

TIMING-17#58 Critical Warning
Non-clocked sequential cell  
The clock pin Division_i/floating_point_0/U0/i_synth/FIX_TO_FLT_OP.SPD.OP/NEED_Z_DET.Z_DET/Z_C_DEL/i_pipe/opt_has_pipe.first_q_reg[0]/C is not reached by a timing clock
Related violations: <none>

TIMING-17#59 Critical Warning
Non-clocked sequential cell  
The clock pin Division_i/floating_point_0/U0/i_synth/FIX_TO_FLT_OP.SPD.OP/NEED_Z_DET.Z_DET/Z_C_DEL/i_pipe/opt_has_pipe.first_q_reg[1]/C is not reached by a timing clock
Related violations: <none>

TIMING-17#60 Critical Warning
Non-clocked sequential cell  
The clock pin Division_i/floating_point_0/U0/i_synth/FIX_TO_FLT_OP.SPD.OP/NEED_Z_DET.Z_DET/Z_C_DEL/i_pipe/opt_has_pipe.first_q_reg[2]/C is not reached by a timing clock
Related violations: <none>

TIMING-17#61 Critical Warning
Non-clocked sequential cell  
The clock pin Division_i/floating_point_0/U0/i_synth/FIX_TO_FLT_OP.SPD.OP/NEED_Z_DET.Z_DET/Z_C_DEL/i_pipe/opt_has_pipe.first_q_reg[3]/C is not reached by a timing clock
Related violations: <none>

TIMING-17#62 Critical Warning
Non-clocked sequential cell  
The clock pin Division_i/floating_point_0/U0/i_synth/FIX_TO_FLT_OP.SPD.OP/NORM_SHIFT/MUX_LOOP[0].DEL_SHIFT/i_pipe/opt_has_pipe.first_q_reg[10]/C is not reached by a timing clock
Related violations: <none>

TIMING-17#63 Critical Warning
Non-clocked sequential cell  
The clock pin Division_i/floating_point_0/U0/i_synth/FIX_TO_FLT_OP.SPD.OP/NORM_SHIFT/MUX_LOOP[0].DEL_SHIFT/i_pipe/opt_has_pipe.first_q_reg[11]/C is not reached by a timing clock
Related violations: <none>

TIMING-17#64 Critical Warning
Non-clocked sequential cell  
The clock pin Division_i/floating_point_0/U0/i_synth/FIX_TO_FLT_OP.SPD.OP/NORM_SHIFT/MUX_LOOP[0].DEL_SHIFT/i_pipe/opt_has_pipe.first_q_reg[12]/C is not reached by a timing clock
Related violations: <none>

TIMING-17#65 Critical Warning
Non-clocked sequential cell  
The clock pin Division_i/floating_point_0/U0/i_synth/FIX_TO_FLT_OP.SPD.OP/NORM_SHIFT/MUX_LOOP[0].DEL_SHIFT/i_pipe/opt_has_pipe.first_q_reg[13]/C is not reached by a timing clock
Related violations: <none>

TIMING-17#66 Critical Warning
Non-clocked sequential cell  
The clock pin Division_i/floating_point_0/U0/i_synth/FIX_TO_FLT_OP.SPD.OP/NORM_SHIFT/MUX_LOOP[0].DEL_SHIFT/i_pipe/opt_has_pipe.first_q_reg[14]/C is not reached by a timing clock
Related violations: <none>

TIMING-17#67 Critical Warning
Non-clocked sequential cell  
The clock pin Division_i/floating_point_0/U0/i_synth/FIX_TO_FLT_OP.SPD.OP/NORM_SHIFT/MUX_LOOP[0].DEL_SHIFT/i_pipe/opt_has_pipe.first_q_reg[16]/C is not reached by a timing clock
Related violations: <none>

TIMING-17#68 Critical Warning
Non-clocked sequential cell  
The clock pin Division_i/floating_point_0/U0/i_synth/FIX_TO_FLT_OP.SPD.OP/NORM_SHIFT/MUX_LOOP[0].DEL_SHIFT/i_pipe/opt_has_pipe.first_q_reg[17]/C is not reached by a timing clock
Related violations: <none>

TIMING-17#69 Critical Warning
Non-clocked sequential cell  
The clock pin Division_i/floating_point_0/U0/i_synth/FIX_TO_FLT_OP.SPD.OP/NORM_SHIFT/MUX_LOOP[0].DEL_SHIFT/i_pipe/opt_has_pipe.first_q_reg[18]/C is not reached by a timing clock
Related violations: <none>

TIMING-17#70 Critical Warning
Non-clocked sequential cell  
The clock pin Division_i/floating_point_0/U0/i_synth/FIX_TO_FLT_OP.SPD.OP/NORM_SHIFT/MUX_LOOP[0].DEL_SHIFT/i_pipe/opt_has_pipe.first_q_reg[19]/C is not reached by a timing clock
Related violations: <none>

TIMING-17#71 Critical Warning
Non-clocked sequential cell  
The clock pin Division_i/floating_point_0/U0/i_synth/FIX_TO_FLT_OP.SPD.OP/NORM_SHIFT/MUX_LOOP[0].DEL_SHIFT/i_pipe/opt_has_pipe.first_q_reg[20]/C is not reached by a timing clock
Related violations: <none>

TIMING-17#72 Critical Warning
Non-clocked sequential cell  
The clock pin Division_i/floating_point_0/U0/i_synth/FIX_TO_FLT_OP.SPD.OP/NORM_SHIFT/MUX_LOOP[0].DEL_SHIFT/i_pipe/opt_has_pipe.first_q_reg[21]/C is not reached by a timing clock
Related violations: <none>

TIMING-17#73 Critical Warning
Non-clocked sequential cell  
The clock pin Division_i/floating_point_0/U0/i_synth/FIX_TO_FLT_OP.SPD.OP/NORM_SHIFT/MUX_LOOP[0].DEL_SHIFT/i_pipe/opt_has_pipe.first_q_reg[22]/C is not reached by a timing clock
Related violations: <none>

TIMING-17#74 Critical Warning
Non-clocked sequential cell  
The clock pin Division_i/floating_point_0/U0/i_synth/FIX_TO_FLT_OP.SPD.OP/NORM_SHIFT/MUX_LOOP[0].DEL_SHIFT/i_pipe/opt_has_pipe.first_q_reg[24]/C is not reached by a timing clock
Related violations: <none>

TIMING-17#75 Critical Warning
Non-clocked sequential cell  
The clock pin Division_i/floating_point_0/U0/i_synth/FIX_TO_FLT_OP.SPD.OP/NORM_SHIFT/MUX_LOOP[0].DEL_SHIFT/i_pipe/opt_has_pipe.first_q_reg[25]/C is not reached by a timing clock
Related violations: <none>

TIMING-17#76 Critical Warning
Non-clocked sequential cell  
The clock pin Division_i/floating_point_0/U0/i_synth/FIX_TO_FLT_OP.SPD.OP/NORM_SHIFT/MUX_LOOP[0].DEL_SHIFT/i_pipe/opt_has_pipe.first_q_reg[26]/C is not reached by a timing clock
Related violations: <none>

TIMING-17#77 Critical Warning
Non-clocked sequential cell  
The clock pin Division_i/floating_point_0/U0/i_synth/FIX_TO_FLT_OP.SPD.OP/NORM_SHIFT/MUX_LOOP[0].DEL_SHIFT/i_pipe/opt_has_pipe.first_q_reg[27]/C is not reached by a timing clock
Related violations: <none>

TIMING-17#78 Critical Warning
Non-clocked sequential cell  
The clock pin Division_i/floating_point_0/U0/i_synth/FIX_TO_FLT_OP.SPD.OP/NORM_SHIFT/MUX_LOOP[0].DEL_SHIFT/i_pipe/opt_has_pipe.first_q_reg[28]/C is not reached by a timing clock
Related violations: <none>

TIMING-17#79 Critical Warning
Non-clocked sequential cell  
The clock pin Division_i/floating_point_0/U0/i_synth/FIX_TO_FLT_OP.SPD.OP/NORM_SHIFT/MUX_LOOP[0].DEL_SHIFT/i_pipe/opt_has_pipe.first_q_reg[29]/C is not reached by a timing clock
Related violations: <none>

TIMING-17#80 Critical Warning
Non-clocked sequential cell  
The clock pin Division_i/floating_point_0/U0/i_synth/FIX_TO_FLT_OP.SPD.OP/NORM_SHIFT/MUX_LOOP[0].DEL_SHIFT/i_pipe/opt_has_pipe.first_q_reg[30]/C is not reached by a timing clock
Related violations: <none>

TIMING-17#81 Critical Warning
Non-clocked sequential cell  
The clock pin Division_i/floating_point_0/U0/i_synth/FIX_TO_FLT_OP.SPD.OP/NORM_SHIFT/MUX_LOOP[0].DEL_SHIFT/i_pipe/opt_has_pipe.first_q_reg[8]/C is not reached by a timing clock
Related violations: <none>

TIMING-17#82 Critical Warning
Non-clocked sequential cell  
The clock pin Division_i/floating_point_0/U0/i_synth/FIX_TO_FLT_OP.SPD.OP/NORM_SHIFT/MUX_LOOP[0].DEL_SHIFT/i_pipe/opt_has_pipe.first_q_reg[9]/C is not reached by a timing clock
Related violations: <none>

TIMING-17#83 Critical Warning
Non-clocked sequential cell  
The clock pin Division_i/floating_point_0/U0/i_synth/FIX_TO_FLT_OP.SPD.OP/NORM_SHIFT/MUX_LOOP[1].DEL_SHIFT/i_pipe/opt_has_pipe.first_q_reg[10]/C is not reached by a timing clock
Related violations: <none>

TIMING-17#84 Critical Warning
Non-clocked sequential cell  
The clock pin Division_i/floating_point_0/U0/i_synth/FIX_TO_FLT_OP.SPD.OP/NORM_SHIFT/MUX_LOOP[1].DEL_SHIFT/i_pipe/opt_has_pipe.first_q_reg[11]/C is not reached by a timing clock
Related violations: <none>

TIMING-17#85 Critical Warning
Non-clocked sequential cell  
The clock pin Division_i/floating_point_0/U0/i_synth/FIX_TO_FLT_OP.SPD.OP/NORM_SHIFT/MUX_LOOP[1].DEL_SHIFT/i_pipe/opt_has_pipe.first_q_reg[12]/C is not reached by a timing clock
Related violations: <none>

TIMING-17#86 Critical Warning
Non-clocked sequential cell  
The clock pin Division_i/floating_point_0/U0/i_synth/FIX_TO_FLT_OP.SPD.OP/NORM_SHIFT/MUX_LOOP[1].DEL_SHIFT/i_pipe/opt_has_pipe.first_q_reg[13]/C is not reached by a timing clock
Related violations: <none>

TIMING-17#87 Critical Warning
Non-clocked sequential cell  
The clock pin Division_i/floating_point_0/U0/i_synth/FIX_TO_FLT_OP.SPD.OP/NORM_SHIFT/MUX_LOOP[1].DEL_SHIFT/i_pipe/opt_has_pipe.first_q_reg[14]/C is not reached by a timing clock
Related violations: <none>

TIMING-17#88 Critical Warning
Non-clocked sequential cell  
The clock pin Division_i/floating_point_0/U0/i_synth/FIX_TO_FLT_OP.SPD.OP/NORM_SHIFT/MUX_LOOP[1].DEL_SHIFT/i_pipe/opt_has_pipe.first_q_reg[15]/C is not reached by a timing clock
Related violations: <none>

TIMING-17#89 Critical Warning
Non-clocked sequential cell  
The clock pin Division_i/floating_point_0/U0/i_synth/FIX_TO_FLT_OP.SPD.OP/NORM_SHIFT/MUX_LOOP[1].DEL_SHIFT/i_pipe/opt_has_pipe.first_q_reg[16]/C is not reached by a timing clock
Related violations: <none>

TIMING-17#90 Critical Warning
Non-clocked sequential cell  
The clock pin Division_i/floating_point_0/U0/i_synth/FIX_TO_FLT_OP.SPD.OP/NORM_SHIFT/MUX_LOOP[1].DEL_SHIFT/i_pipe/opt_has_pipe.first_q_reg[17]/C is not reached by a timing clock
Related violations: <none>

TIMING-17#91 Critical Warning
Non-clocked sequential cell  
The clock pin Division_i/floating_point_0/U0/i_synth/FIX_TO_FLT_OP.SPD.OP/NORM_SHIFT/MUX_LOOP[1].DEL_SHIFT/i_pipe/opt_has_pipe.first_q_reg[18]/C is not reached by a timing clock
Related violations: <none>

TIMING-17#92 Critical Warning
Non-clocked sequential cell  
The clock pin Division_i/floating_point_0/U0/i_synth/FIX_TO_FLT_OP.SPD.OP/NORM_SHIFT/MUX_LOOP[1].DEL_SHIFT/i_pipe/opt_has_pipe.first_q_reg[19]/C is not reached by a timing clock
Related violations: <none>

TIMING-17#93 Critical Warning
Non-clocked sequential cell  
The clock pin Division_i/floating_point_0/U0/i_synth/FIX_TO_FLT_OP.SPD.OP/NORM_SHIFT/MUX_LOOP[1].DEL_SHIFT/i_pipe/opt_has_pipe.first_q_reg[20]/C is not reached by a timing clock
Related violations: <none>

TIMING-17#94 Critical Warning
Non-clocked sequential cell  
The clock pin Division_i/floating_point_0/U0/i_synth/FIX_TO_FLT_OP.SPD.OP/NORM_SHIFT/MUX_LOOP[1].DEL_SHIFT/i_pipe/opt_has_pipe.first_q_reg[21]/C is not reached by a timing clock
Related violations: <none>

TIMING-17#95 Critical Warning
Non-clocked sequential cell  
The clock pin Division_i/floating_point_0/U0/i_synth/FIX_TO_FLT_OP.SPD.OP/NORM_SHIFT/MUX_LOOP[1].DEL_SHIFT/i_pipe/opt_has_pipe.first_q_reg[22]/C is not reached by a timing clock
Related violations: <none>

TIMING-17#96 Critical Warning
Non-clocked sequential cell  
The clock pin Division_i/floating_point_0/U0/i_synth/FIX_TO_FLT_OP.SPD.OP/NORM_SHIFT/MUX_LOOP[1].DEL_SHIFT/i_pipe/opt_has_pipe.first_q_reg[23]/C is not reached by a timing clock
Related violations: <none>

TIMING-17#97 Critical Warning
Non-clocked sequential cell  
The clock pin Division_i/floating_point_0/U0/i_synth/FIX_TO_FLT_OP.SPD.OP/NORM_SHIFT/MUX_LOOP[1].DEL_SHIFT/i_pipe/opt_has_pipe.first_q_reg[24]/C is not reached by a timing clock
Related violations: <none>

TIMING-17#98 Critical Warning
Non-clocked sequential cell  
The clock pin Division_i/floating_point_0/U0/i_synth/FIX_TO_FLT_OP.SPD.OP/NORM_SHIFT/MUX_LOOP[1].DEL_SHIFT/i_pipe/opt_has_pipe.first_q_reg[25]/C is not reached by a timing clock
Related violations: <none>

TIMING-17#99 Critical Warning
Non-clocked sequential cell  
The clock pin Division_i/floating_point_0/U0/i_synth/FIX_TO_FLT_OP.SPD.OP/NORM_SHIFT/MUX_LOOP[1].DEL_SHIFT/i_pipe/opt_has_pipe.first_q_reg[7]/C is not reached by a timing clock
Related violations: <none>

TIMING-17#100 Critical Warning
Non-clocked sequential cell  
The clock pin Division_i/floating_point_0/U0/i_synth/FIX_TO_FLT_OP.SPD.OP/NORM_SHIFT/MUX_LOOP[1].DEL_SHIFT/i_pipe/opt_has_pipe.first_q_reg[8]/C is not reached by a timing clock
Related violations: <none>

TIMING-17#101 Critical Warning
Non-clocked sequential cell  
The clock pin Division_i/floating_point_0/U0/i_synth/FIX_TO_FLT_OP.SPD.OP/NORM_SHIFT/MUX_LOOP[1].DEL_SHIFT/i_pipe/opt_has_pipe.first_q_reg[9]/C is not reached by a timing clock
Related violations: <none>

TIMING-17#102 Critical Warning
Non-clocked sequential cell  
The clock pin Division_i/floating_point_0/U0/i_synth/FIX_TO_FLT_OP.SPD.OP/OP/RESULT_REG.NORMAL.mant_op_reg[0]/C is not reached by a timing clock
Related violations: <none>

TIMING-17#103 Critical Warning
Non-clocked sequential cell  
The clock pin Division_i/floating_point_0/U0/i_synth/FIX_TO_FLT_OP.SPD.OP/OP/RESULT_REG.NORMAL.mant_op_reg[10]/C is not reached by a timing clock
Related violations: <none>

TIMING-17#104 Critical Warning
Non-clocked sequential cell  
The clock pin Division_i/floating_point_0/U0/i_synth/FIX_TO_FLT_OP.SPD.OP/OP/RESULT_REG.NORMAL.mant_op_reg[11]/C is not reached by a timing clock
Related violations: <none>

TIMING-17#105 Critical Warning
Non-clocked sequential cell  
The clock pin Division_i/floating_point_0/U0/i_synth/FIX_TO_FLT_OP.SPD.OP/OP/RESULT_REG.NORMAL.mant_op_reg[12]/C is not reached by a timing clock
Related violations: <none>

TIMING-17#106 Critical Warning
Non-clocked sequential cell  
The clock pin Division_i/floating_point_0/U0/i_synth/FIX_TO_FLT_OP.SPD.OP/OP/RESULT_REG.NORMAL.mant_op_reg[13]/C is not reached by a timing clock
Related violations: <none>

TIMING-17#107 Critical Warning
Non-clocked sequential cell  
The clock pin Division_i/floating_point_0/U0/i_synth/FIX_TO_FLT_OP.SPD.OP/OP/RESULT_REG.NORMAL.mant_op_reg[14]/C is not reached by a timing clock
Related violations: <none>

TIMING-17#108 Critical Warning
Non-clocked sequential cell  
The clock pin Division_i/floating_point_0/U0/i_synth/FIX_TO_FLT_OP.SPD.OP/OP/RESULT_REG.NORMAL.mant_op_reg[15]/C is not reached by a timing clock
Related violations: <none>

TIMING-17#109 Critical Warning
Non-clocked sequential cell  
The clock pin Division_i/floating_point_0/U0/i_synth/FIX_TO_FLT_OP.SPD.OP/OP/RESULT_REG.NORMAL.mant_op_reg[1]/C is not reached by a timing clock
Related violations: <none>

TIMING-17#110 Critical Warning
Non-clocked sequential cell  
The clock pin Division_i/floating_point_0/U0/i_synth/FIX_TO_FLT_OP.SPD.OP/OP/RESULT_REG.NORMAL.mant_op_reg[2]/C is not reached by a timing clock
Related violations: <none>

TIMING-17#111 Critical Warning
Non-clocked sequential cell  
The clock pin Division_i/floating_point_0/U0/i_synth/FIX_TO_FLT_OP.SPD.OP/OP/RESULT_REG.NORMAL.mant_op_reg[3]/C is not reached by a timing clock
Related violations: <none>

TIMING-17#112 Critical Warning
Non-clocked sequential cell  
The clock pin Division_i/floating_point_0/U0/i_synth/FIX_TO_FLT_OP.SPD.OP/OP/RESULT_REG.NORMAL.mant_op_reg[4]/C is not reached by a timing clock
Related violations: <none>

TIMING-17#113 Critical Warning
Non-clocked sequential cell  
The clock pin Division_i/floating_point_0/U0/i_synth/FIX_TO_FLT_OP.SPD.OP/OP/RESULT_REG.NORMAL.mant_op_reg[5]/C is not reached by a timing clock
Related violations: <none>

TIMING-17#114 Critical Warning
Non-clocked sequential cell  
The clock pin Division_i/floating_point_0/U0/i_synth/FIX_TO_FLT_OP.SPD.OP/OP/RESULT_REG.NORMAL.mant_op_reg[6]/C is not reached by a timing clock
Related violations: <none>

TIMING-17#115 Critical Warning
Non-clocked sequential cell  
The clock pin Division_i/floating_point_0/U0/i_synth/FIX_TO_FLT_OP.SPD.OP/OP/RESULT_REG.NORMAL.mant_op_reg[7]/C is not reached by a timing clock
Related violations: <none>

TIMING-17#116 Critical Warning
Non-clocked sequential cell  
The clock pin Division_i/floating_point_0/U0/i_synth/FIX_TO_FLT_OP.SPD.OP/OP/RESULT_REG.NORMAL.mant_op_reg[8]/C is not reached by a timing clock
Related violations: <none>

TIMING-17#117 Critical Warning
Non-clocked sequential cell  
The clock pin Division_i/floating_point_0/U0/i_synth/FIX_TO_FLT_OP.SPD.OP/OP/RESULT_REG.NORMAL.mant_op_reg[9]/C is not reached by a timing clock
Related violations: <none>

TIMING-17#118 Critical Warning
Non-clocked sequential cell  
The clock pin Division_i/floating_point_0/U0/i_synth/FIX_TO_FLT_OP.SPD.OP/ROUND/LOGIC.RND1/Q_DEL/i_pipe/opt_has_pipe.first_q_reg[0]/C is not reached by a timing clock
Related violations: <none>

TIMING-17#119 Critical Warning
Non-clocked sequential cell  
The clock pin Division_i/floating_point_0/U0/i_synth/FIX_TO_FLT_OP.SPD.OP/ROUND/LOGIC.RND1/Q_DEL/i_pipe/opt_has_pipe.first_q_reg[10]/C is not reached by a timing clock
Related violations: <none>

TIMING-17#120 Critical Warning
Non-clocked sequential cell  
The clock pin Division_i/floating_point_0/U0/i_synth/FIX_TO_FLT_OP.SPD.OP/ROUND/LOGIC.RND1/Q_DEL/i_pipe/opt_has_pipe.first_q_reg[11]/C is not reached by a timing clock
Related violations: <none>

TIMING-17#121 Critical Warning
Non-clocked sequential cell  
The clock pin Division_i/floating_point_0/U0/i_synth/FIX_TO_FLT_OP.SPD.OP/ROUND/LOGIC.RND1/Q_DEL/i_pipe/opt_has_pipe.first_q_reg[1]/C is not reached by a timing clock
Related violations: <none>

TIMING-17#122 Critical Warning
Non-clocked sequential cell  
The clock pin Division_i/floating_point_0/U0/i_synth/FIX_TO_FLT_OP.SPD.OP/ROUND/LOGIC.RND1/Q_DEL/i_pipe/opt_has_pipe.first_q_reg[2]/C is not reached by a timing clock
Related violations: <none>

TIMING-17#123 Critical Warning
Non-clocked sequential cell  
The clock pin Division_i/floating_point_0/U0/i_synth/FIX_TO_FLT_OP.SPD.OP/ROUND/LOGIC.RND1/Q_DEL/i_pipe/opt_has_pipe.first_q_reg[3]/C is not reached by a timing clock
Related violations: <none>

TIMING-17#124 Critical Warning
Non-clocked sequential cell  
The clock pin Division_i/floating_point_0/U0/i_synth/FIX_TO_FLT_OP.SPD.OP/ROUND/LOGIC.RND1/Q_DEL/i_pipe/opt_has_pipe.first_q_reg[4]/C is not reached by a timing clock
Related violations: <none>

TIMING-17#125 Critical Warning
Non-clocked sequential cell  
The clock pin Division_i/floating_point_0/U0/i_synth/FIX_TO_FLT_OP.SPD.OP/ROUND/LOGIC.RND1/Q_DEL/i_pipe/opt_has_pipe.first_q_reg[5]/C is not reached by a timing clock
Related violations: <none>

TIMING-17#126 Critical Warning
Non-clocked sequential cell  
The clock pin Division_i/floating_point_0/U0/i_synth/FIX_TO_FLT_OP.SPD.OP/ROUND/LOGIC.RND1/Q_DEL/i_pipe/opt_has_pipe.first_q_reg[6]/C is not reached by a timing clock
Related violations: <none>

TIMING-17#127 Critical Warning
Non-clocked sequential cell  
The clock pin Division_i/floating_point_0/U0/i_synth/FIX_TO_FLT_OP.SPD.OP/ROUND/LOGIC.RND1/Q_DEL/i_pipe/opt_has_pipe.first_q_reg[7]/C is not reached by a timing clock
Related violations: <none>

TIMING-17#128 Critical Warning
Non-clocked sequential cell  
The clock pin Division_i/floating_point_0/U0/i_synth/FIX_TO_FLT_OP.SPD.OP/ROUND/LOGIC.RND1/Q_DEL/i_pipe/opt_has_pipe.first_q_reg[8]/C is not reached by a timing clock
Related violations: <none>

TIMING-17#129 Critical Warning
Non-clocked sequential cell  
The clock pin Division_i/floating_point_0/U0/i_synth/FIX_TO_FLT_OP.SPD.OP/ROUND/LOGIC.RND1/Q_DEL/i_pipe/opt_has_pipe.first_q_reg[9]/C is not reached by a timing clock
Related violations: <none>

TIMING-17#130 Critical Warning
Non-clocked sequential cell  
The clock pin Division_i/floating_point_0/U0/i_synth/FIX_TO_FLT_OP.SPD.OP/ROUND/LOGIC.RND2/Q_DEL/i_pipe/opt_has_pipe.first_q_reg[0]/C is not reached by a timing clock
Related violations: <none>

TIMING-17#131 Critical Warning
Non-clocked sequential cell  
The clock pin Division_i/floating_point_0/U0/i_synth/FIX_TO_FLT_OP.SPD.OP/ROUND/LOGIC.RND2/Q_DEL/i_pipe/opt_has_pipe.first_q_reg[1]/C is not reached by a timing clock
Related violations: <none>

TIMING-17#132 Critical Warning
Non-clocked sequential cell  
The clock pin Division_i/floating_point_0/U0/i_synth/FIX_TO_FLT_OP.SPD.OP/ROUND/LOGIC.RND2/Q_DEL/i_pipe/opt_has_pipe.first_q_reg[2]/C is not reached by a timing clock
Related violations: <none>

TIMING-17#133 Critical Warning
Non-clocked sequential cell  
The clock pin Division_i/floating_point_0/U0/i_synth/FIX_TO_FLT_OP.SPD.OP/ROUND/LOGIC.RND2/Q_DEL/i_pipe/opt_has_pipe.first_q_reg[3]/C is not reached by a timing clock
Related violations: <none>

TIMING-17#134 Critical Warning
Non-clocked sequential cell  
The clock pin Division_i/floating_point_0/U0/i_synth/FIX_TO_FLT_OP.SPD.OP/Z_C_DEL/i_pipe/opt_has_pipe.first_q_reg[10]/C is not reached by a timing clock
Related violations: <none>

TIMING-17#135 Critical Warning
Non-clocked sequential cell  
The clock pin Division_i/floating_point_0/U0/i_synth/FIX_TO_FLT_OP.SPD.OP/Z_C_DEL/i_pipe/opt_has_pipe.first_q_reg[11]/C is not reached by a timing clock
Related violations: <none>

TIMING-17#136 Critical Warning
Non-clocked sequential cell  
The clock pin Division_i/floating_point_0/U0/i_synth/FIX_TO_FLT_OP.SPD.OP/Z_C_DEL/i_pipe/opt_has_pipe.first_q_reg[12]/C is not reached by a timing clock
Related violations: <none>

TIMING-17#137 Critical Warning
Non-clocked sequential cell  
The clock pin Division_i/floating_point_0/U0/i_synth/FIX_TO_FLT_OP.SPD.OP/Z_C_DEL/i_pipe/opt_has_pipe.first_q_reg[13]/C is not reached by a timing clock
Related violations: <none>

TIMING-17#138 Critical Warning
Non-clocked sequential cell  
The clock pin Division_i/floating_point_0/U0/i_synth/FIX_TO_FLT_OP.SPD.OP/Z_C_DEL/i_pipe/opt_has_pipe.first_q_reg[14]/C is not reached by a timing clock
Related violations: <none>

TIMING-17#139 Critical Warning
Non-clocked sequential cell  
The clock pin Division_i/floating_point_0/U0/i_synth/FIX_TO_FLT_OP.SPD.OP/Z_C_DEL/i_pipe/opt_has_pipe.first_q_reg[15]/C is not reached by a timing clock
Related violations: <none>

TIMING-17#140 Critical Warning
Non-clocked sequential cell  
The clock pin Division_i/floating_point_0/U0/i_synth/FIX_TO_FLT_OP.SPD.OP/Z_C_DEL/i_pipe/opt_has_pipe.first_q_reg[17]/C is not reached by a timing clock
Related violations: <none>

TIMING-17#141 Critical Warning
Non-clocked sequential cell  
The clock pin Division_i/floating_point_0/U0/i_synth/FIX_TO_FLT_OP.SPD.OP/Z_C_DEL/i_pipe/opt_has_pipe.first_q_reg[18]/C is not reached by a timing clock
Related violations: <none>

TIMING-17#142 Critical Warning
Non-clocked sequential cell  
The clock pin Division_i/floating_point_0/U0/i_synth/FIX_TO_FLT_OP.SPD.OP/Z_C_DEL/i_pipe/opt_has_pipe.first_q_reg[19]/C is not reached by a timing clock
Related violations: <none>

TIMING-17#143 Critical Warning
Non-clocked sequential cell  
The clock pin Division_i/floating_point_0/U0/i_synth/FIX_TO_FLT_OP.SPD.OP/Z_C_DEL/i_pipe/opt_has_pipe.first_q_reg[1]/C is not reached by a timing clock
Related violations: <none>

TIMING-17#144 Critical Warning
Non-clocked sequential cell  
The clock pin Division_i/floating_point_0/U0/i_synth/FIX_TO_FLT_OP.SPD.OP/Z_C_DEL/i_pipe/opt_has_pipe.first_q_reg[21]/C is not reached by a timing clock
Related violations: <none>

TIMING-17#145 Critical Warning
Non-clocked sequential cell  
The clock pin Division_i/floating_point_0/U0/i_synth/FIX_TO_FLT_OP.SPD.OP/Z_C_DEL/i_pipe/opt_has_pipe.first_q_reg[22]/C is not reached by a timing clock
Related violations: <none>

TIMING-17#146 Critical Warning
Non-clocked sequential cell  
The clock pin Division_i/floating_point_0/U0/i_synth/FIX_TO_FLT_OP.SPD.OP/Z_C_DEL/i_pipe/opt_has_pipe.first_q_reg[23]/C is not reached by a timing clock
Related violations: <none>

TIMING-17#147 Critical Warning
Non-clocked sequential cell  
The clock pin Division_i/floating_point_0/U0/i_synth/FIX_TO_FLT_OP.SPD.OP/Z_C_DEL/i_pipe/opt_has_pipe.first_q_reg[25]/C is not reached by a timing clock
Related violations: <none>

TIMING-17#148 Critical Warning
Non-clocked sequential cell  
The clock pin Division_i/floating_point_0/U0/i_synth/FIX_TO_FLT_OP.SPD.OP/Z_C_DEL/i_pipe/opt_has_pipe.first_q_reg[27]/C is not reached by a timing clock
Related violations: <none>

TIMING-17#149 Critical Warning
Non-clocked sequential cell  
The clock pin Division_i/floating_point_0/U0/i_synth/FIX_TO_FLT_OP.SPD.OP/Z_C_DEL/i_pipe/opt_has_pipe.first_q_reg[29]/C is not reached by a timing clock
Related violations: <none>

TIMING-17#150 Critical Warning
Non-clocked sequential cell  
The clock pin Division_i/floating_point_0/U0/i_synth/FIX_TO_FLT_OP.SPD.OP/Z_C_DEL/i_pipe/opt_has_pipe.first_q_reg[2]/C is not reached by a timing clock
Related violations: <none>

TIMING-17#151 Critical Warning
Non-clocked sequential cell  
The clock pin Division_i/floating_point_0/U0/i_synth/FIX_TO_FLT_OP.SPD.OP/Z_C_DEL/i_pipe/opt_has_pipe.first_q_reg[3]/C is not reached by a timing clock
Related violations: <none>

TIMING-17#152 Critical Warning
Non-clocked sequential cell  
The clock pin Division_i/floating_point_0/U0/i_synth/FIX_TO_FLT_OP.SPD.OP/Z_C_DEL/i_pipe/opt_has_pipe.first_q_reg[4]/C is not reached by a timing clock
Related violations: <none>

TIMING-17#153 Critical Warning
Non-clocked sequential cell  
The clock pin Division_i/floating_point_0/U0/i_synth/FIX_TO_FLT_OP.SPD.OP/Z_C_DEL/i_pipe/opt_has_pipe.first_q_reg[5]/C is not reached by a timing clock
Related violations: <none>

TIMING-17#154 Critical Warning
Non-clocked sequential cell  
The clock pin Division_i/floating_point_0/U0/i_synth/FIX_TO_FLT_OP.SPD.OP/Z_C_DEL/i_pipe/opt_has_pipe.first_q_reg[6]/C is not reached by a timing clock
Related violations: <none>

TIMING-17#155 Critical Warning
Non-clocked sequential cell  
The clock pin Division_i/floating_point_0/U0/i_synth/FIX_TO_FLT_OP.SPD.OP/Z_C_DEL/i_pipe/opt_has_pipe.first_q_reg[7]/C is not reached by a timing clock
Related violations: <none>

TIMING-17#156 Critical Warning
Non-clocked sequential cell  
The clock pin Division_i/floating_point_0/U0/i_synth/FIX_TO_FLT_OP.SPD.OP/Z_C_DEL/i_pipe/opt_has_pipe.first_q_reg[9]/C is not reached by a timing clock
Related violations: <none>

TIMING-17#157 Critical Warning
Non-clocked sequential cell  
The clock pin Division_i/floating_point_0/U0/i_synth/need_combiner.use_2to1.skid_buffer_combiner/gen_has_z_tready.reg1_a_valid_reg/C is not reached by a timing clock
Related violations: <none>

TIMING-17#158 Critical Warning
Non-clocked sequential cell  
The clock pin Division_i/floating_point_0/U0/i_synth/need_combiner.use_2to1.skid_buffer_combiner/gen_has_z_tready.reg1_b_ready_reg/C is not reached by a timing clock
Related violations: <none>

TIMING-17#159 Critical Warning
Non-clocked sequential cell  
The clock pin Division_i/floating_point_0/U0/i_synth/need_combiner.use_2to1.skid_buffer_combiner/gen_has_z_tready.reg1_b_valid_reg/C is not reached by a timing clock
Related violations: <none>

TIMING-17#160 Critical Warning
Non-clocked sequential cell  
The clock pin Division_i/floating_point_0/U0/i_synth/need_combiner.use_2to1.skid_buffer_combiner/gen_has_z_tready.reg2_a_tdata_reg[10]/C is not reached by a timing clock
Related violations: <none>

TIMING-17#161 Critical Warning
Non-clocked sequential cell  
The clock pin Division_i/floating_point_0/U0/i_synth/need_combiner.use_2to1.skid_buffer_combiner/gen_has_z_tready.reg2_a_tdata_reg[12]/C is not reached by a timing clock
Related violations: <none>

TIMING-17#162 Critical Warning
Non-clocked sequential cell  
The clock pin Division_i/floating_point_0/U0/i_synth/need_combiner.use_2to1.skid_buffer_combiner/gen_has_z_tready.reg2_a_tdata_reg[1]/C is not reached by a timing clock
Related violations: <none>

TIMING-17#163 Critical Warning
Non-clocked sequential cell  
The clock pin Division_i/floating_point_0/U0/i_synth/need_combiner.use_2to1.skid_buffer_combiner/gen_has_z_tready.reg2_a_tdata_reg[3]/C is not reached by a timing clock
Related violations: <none>

TIMING-17#164 Critical Warning
Non-clocked sequential cell  
The clock pin Division_i/floating_point_0/U0/i_synth/need_combiner.use_2to1.skid_buffer_combiner/gen_has_z_tready.reg2_a_tdata_reg[4]/C is not reached by a timing clock
Related violations: <none>

TIMING-17#165 Critical Warning
Non-clocked sequential cell  
The clock pin Division_i/floating_point_0/U0/i_synth/need_combiner.use_2to1.skid_buffer_combiner/gen_has_z_tready.reg2_a_tdata_reg[5]/C is not reached by a timing clock
Related violations: <none>

TIMING-17#166 Critical Warning
Non-clocked sequential cell  
The clock pin Division_i/floating_point_0/U0/i_synth/need_combiner.use_2to1.skid_buffer_combiner/gen_has_z_tready.reg2_a_tdata_reg[6]/C is not reached by a timing clock
Related violations: <none>

TIMING-17#167 Critical Warning
Non-clocked sequential cell  
The clock pin Division_i/floating_point_0/U0/i_synth/need_combiner.use_2to1.skid_buffer_combiner/gen_has_z_tready.reg2_a_tdata_reg[7]/C is not reached by a timing clock
Related violations: <none>

TIMING-17#168 Critical Warning
Non-clocked sequential cell  
The clock pin Division_i/floating_point_0/U0/i_synth/need_combiner.use_2to1.skid_buffer_combiner/gen_has_z_tready.reg2_a_tdata_reg[9]/C is not reached by a timing clock
Related violations: <none>

TIMING-17#169 Critical Warning
Non-clocked sequential cell  
The clock pin Division_i/floating_point_0/U0/i_synth/need_combiner.use_2to1.skid_buffer_combiner/gen_has_z_tready.reg2_a_valid_reg/C is not reached by a timing clock
Related violations: <none>

TIMING-17#170 Critical Warning
Non-clocked sequential cell  
The clock pin Division_i/floating_point_0/U0/i_synth/need_combiner.use_2to1.skid_buffer_combiner/gen_has_z_tready.reg2_b_valid_reg/C is not reached by a timing clock
Related violations: <none>

TIMING-17#171 Critical Warning
Non-clocked sequential cell  
The clock pin Division_i/floating_point_0/U0/i_synth/need_combiner.use_2to1.skid_buffer_combiner/gen_has_z_tready.z_valid_reg/C is not reached by a timing clock
Related violations: <none>

CKLD-2#1 Warning
Clock Net has IO Driver, not a Clock Buf, and/or non-Clock loads  
Clock net reset_IBUF is directly driven by an IO rather than a Clock Buffer or may be an IO driving a mix of Clock Buffer and non-Clock loads. This connectivity should be reviewed and corrected as appropriate. Driver(s): reset_IBUF_inst/O, Division_i/reset
Related violations: <none>

TIMING-20#1 Warning
Non-clocked latch  
The latch Division_i/DivisionTop_0/inst/LED_reg[0] cannot be properly analyzed as its control pin Division_i/DivisionTop_0/inst/LED_reg[0]/G is not reached by a timing clock
Related violations: <none>

TIMING-20#2 Warning
Non-clocked latch  
The latch Division_i/DivisionTop_0/inst/LED_reg[10] cannot be properly analyzed as its control pin Division_i/DivisionTop_0/inst/LED_reg[10]/G is not reached by a timing clock
Related violations: <none>

TIMING-20#3 Warning
Non-clocked latch  
The latch Division_i/DivisionTop_0/inst/LED_reg[11] cannot be properly analyzed as its control pin Division_i/DivisionTop_0/inst/LED_reg[11]/G is not reached by a timing clock
Related violations: <none>

TIMING-20#4 Warning
Non-clocked latch  
The latch Division_i/DivisionTop_0/inst/LED_reg[12] cannot be properly analyzed as its control pin Division_i/DivisionTop_0/inst/LED_reg[12]/G is not reached by a timing clock
Related violations: <none>

TIMING-20#5 Warning
Non-clocked latch  
The latch Division_i/DivisionTop_0/inst/LED_reg[13] cannot be properly analyzed as its control pin Division_i/DivisionTop_0/inst/LED_reg[13]/G is not reached by a timing clock
Related violations: <none>

TIMING-20#6 Warning
Non-clocked latch  
The latch Division_i/DivisionTop_0/inst/LED_reg[14] cannot be properly analyzed as its control pin Division_i/DivisionTop_0/inst/LED_reg[14]/G is not reached by a timing clock
Related violations: <none>

TIMING-20#7 Warning
Non-clocked latch  
The latch Division_i/DivisionTop_0/inst/LED_reg[15] cannot be properly analyzed as its control pin Division_i/DivisionTop_0/inst/LED_reg[15]/G is not reached by a timing clock
Related violations: <none>

TIMING-20#8 Warning
Non-clocked latch  
The latch Division_i/DivisionTop_0/inst/LED_reg[1] cannot be properly analyzed as its control pin Division_i/DivisionTop_0/inst/LED_reg[1]/G is not reached by a timing clock
Related violations: <none>

TIMING-20#9 Warning
Non-clocked latch  
The latch Division_i/DivisionTop_0/inst/LED_reg[2] cannot be properly analyzed as its control pin Division_i/DivisionTop_0/inst/LED_reg[2]/G is not reached by a timing clock
Related violations: <none>

TIMING-20#10 Warning
Non-clocked latch  
The latch Division_i/DivisionTop_0/inst/LED_reg[3] cannot be properly analyzed as its control pin Division_i/DivisionTop_0/inst/LED_reg[3]/G is not reached by a timing clock
Related violations: <none>

TIMING-20#11 Warning
Non-clocked latch  
The latch Division_i/DivisionTop_0/inst/LED_reg[4] cannot be properly analyzed as its control pin Division_i/DivisionTop_0/inst/LED_reg[4]/G is not reached by a timing clock
Related violations: <none>

TIMING-20#12 Warning
Non-clocked latch  
The latch Division_i/DivisionTop_0/inst/LED_reg[5] cannot be properly analyzed as its control pin Division_i/DivisionTop_0/inst/LED_reg[5]/G is not reached by a timing clock
Related violations: <none>

TIMING-20#13 Warning
Non-clocked latch  
The latch Division_i/DivisionTop_0/inst/LED_reg[6] cannot be properly analyzed as its control pin Division_i/DivisionTop_0/inst/LED_reg[6]/G is not reached by a timing clock
Related violations: <none>

TIMING-20#14 Warning
Non-clocked latch  
The latch Division_i/DivisionTop_0/inst/LED_reg[7] cannot be properly analyzed as its control pin Division_i/DivisionTop_0/inst/LED_reg[7]/G is not reached by a timing clock
Related violations: <none>

TIMING-20#15 Warning
Non-clocked latch  
The latch Division_i/DivisionTop_0/inst/LED_reg[8] cannot be properly analyzed as its control pin Division_i/DivisionTop_0/inst/LED_reg[8]/G is not reached by a timing clock
Related violations: <none>

TIMING-20#16 Warning
Non-clocked latch  
The latch Division_i/DivisionTop_0/inst/LED_reg[9] cannot be properly analyzed as its control pin Division_i/DivisionTop_0/inst/LED_reg[9]/G is not reached by a timing clock
Related violations: <none>


