Copyright 1986-2019 Xilinx, Inc. All Rights Reserved.
---------------------------------------------------------------------------------------------
| Tool Version : Vivado v.2019.1 (win64) Build 2552052 Fri May 24 14:49:42 MDT 2019
| Date         : Wed Aug 18 16:55:18 2021
| Host         : DESKTOP-NDOLUA7 running 64-bit major release  (build 9200)
| Command      : report_control_sets -verbose -file Division_wrapper_control_sets_placed.rpt
| Design       : Division_wrapper
| Device       : xc7a100t
---------------------------------------------------------------------------------------------

Control Set Information

Table of Contents
-----------------
1. Summary
2. Histogram
3. Flip-Flop Distribution
4. Detailed Control Set Information

1. Summary
----------

+----------------------------------------------------------+-------+
|                          Status                          | Count |
+----------------------------------------------------------+-------+
| Total control sets                                       |    13 |
|    Minimum number of control sets                        |    13 |
|    Addition due to synthesis replication                 |     0 |
|    Addition due to physical synthesis replication        |     0 |
| Unused register locations in slices containing registers |    41 |
+----------------------------------------------------------+-------+
* Control sets can be merged at opt_design using control_set_merge or merge_equivalent_drivers
** Run report_qor_suggestions for automated merging and remapping suggestions


2. Histogram
------------

+--------------------+-------+
|       Fanout       | Count |
+--------------------+-------+
| Total control sets |    13 |
| >= 0 to < 4        |     4 |
| >= 4 to < 6        |     1 |
| >= 6 to < 8        |     2 |
| >= 8 to < 10       |     0 |
| >= 10 to < 12      |     0 |
| >= 12 to < 14      |     0 |
| >= 14 to < 16      |     1 |
| >= 16              |     5 |
+--------------------+-------+
* Control sets can be remapped at either synth_design or opt_design


3. Flip-Flop Distribution
-------------------------

+--------------+-----------------------+------------------------+-----------------+--------------+
| Clock Enable | Synchronous Set/Reset | Asynchronous Set/Reset | Total Registers | Total Slices |
+--------------+-----------------------+------------------------+-----------------+--------------+
| No           | No                    | No                     |            1654 |          335 |
| No           | No                    | Yes                    |               0 |            0 |
| No           | Yes                   | No                     |              63 |           14 |
| Yes          | No                    | No                     |              66 |           12 |
| Yes          | No                    | Yes                    |               0 |            0 |
| Yes          | Yes                   | No                     |               0 |            0 |
+--------------+-----------------------+------------------------+-----------------+--------------+


4. Detailed Control Set Information
-----------------------------------

+----------------+--------------------------------------------------------------------------------------------+----------------------------------------------------------------------------------------------------------------------------+------------------+----------------+
|  Clock Signal  |                                        Enable Signal                                       |                                                      Set/Reset Signal                                                      | Slice Load Count | Bel Load Count |
+----------------+--------------------------------------------------------------------------------------------+----------------------------------------------------------------------------------------------------------------------------+------------------+----------------+
|  clk_IBUF_BUFG |                                                                                            | Division_i/floating_point_0/U0/i_synth/DIV_OP.SPD.OP/EXP/STATE_DELAY/i_pipe/Q[0]                                           |                1 |              1 |
|  clk_IBUF_BUFG | Division_i/floating_point_1/U0/i_synth/need_combiner.use_2to1.skid_buffer_combiner/p_30_in |                                                                                                                            |                1 |              1 |
|  clk_IBUF_BUFG |                                                                                            | Division_i/floating_point_1/U0/i_synth/FIX_TO_FLT_OP.SPD.OP/LZE/ZERO_DET_CC_1/CHAIN_GEN[7].CARRYS_DEL.NEED_DEL.CARRYS_FD_0 |                1 |              2 |
|  clk_IBUF_BUFG | Division_i/floating_point_2/U0/i_synth/need_combiner.use_2to1.skid_buffer_combiner/p_30_in |                                                                                                                            |                1 |              3 |
|  clk_IBUF_BUFG |                                                                                            | Division_i/floating_point_2/U0/i_synth/FIX_TO_FLT_OP.SPD.OP/LZE/ZERO_DET_CC_1/CHAIN_GEN[7].CARRYS_DEL.NEED_DEL.CARRYS_FD_0 |                1 |              4 |
|  clk_IBUF_BUFG |                                                                                            | Division_i/floating_point_0/U0/i_synth/DIV_OP.SPD.OP/EXP/STATE_DEC_DELAY/i_pipe/state_op[5]                                |                1 |              6 |
|  clk_IBUF_BUFG |                                                                                            | Division_i/floating_point_0/U0/i_synth/DIV_OP.SPD.OP/EXP/STATE_DEC_DELAY/i_pipe/state_op[1]                                |                2 |              6 |
| ~reset_IBUF    |                                                                                            |                                                                                                                            |                9 |             15 |
|  clk_IBUF_BUFG |                                                                                            | Division_i/floating_point_1/U0/i_synth/FIX_TO_FLT_OP.SPD.OP/EXP/ZERO_DELAY/i_pipe/opt_has_pipe.i_pipe[2].pipe_reg[2][0]_0  |                5 |             22 |
|  clk_IBUF_BUFG |                                                                                            | Division_i/floating_point_2/U0/i_synth/FIX_TO_FLT_OP.SPD.OP/EXP/ZERO_DELAY/i_pipe/opt_has_pipe.i_pipe[2].pipe_reg[2][0]_0  |                3 |             22 |
|  clk_IBUF_BUFG | Division_i/floating_point_0/U0/i_synth/need_combiner.use_2to1.skid_buffer_combiner/p_16_in |                                                                                                                            |                6 |             31 |
|  clk_IBUF_BUFG | Division_i/floating_point_0/U0/i_synth/need_combiner.use_2to1.skid_buffer_combiner/p_30_in |                                                                                                                            |                4 |             31 |
|  clk_IBUF_BUFG |                                                                                            |                                                                                                                            |              326 |           1675 |
+----------------+--------------------------------------------------------------------------------------------+----------------------------------------------------------------------------------------------------------------------------+------------------+----------------+


