#-----------------------------------------------------------
# Vivado v2019.1 (64-bit)
# SW Build 2552052 on Fri May 24 14:49:42 MDT 2019
# IP Build 2548770 on Fri May 24 18:01:18 MDT 2019
# Start of session at: Wed Aug 25 20:06:14 2021
# Process ID: 16092
# Current directory: C:/Users/OAkun/FloatingDivisionZybo/FloatingDivisionZybo.runs/FloatingPointDivision_processing_system7_0_1_synth_1
# Command line: vivado.exe -log FloatingPointDivision_processing_system7_0_1.vds -product Vivado -mode batch -messageDb vivado.pb -notrace -source FloatingPointDivision_processing_system7_0_1.tcl
# Log file: C:/Users/OAkun/FloatingDivisionZybo/FloatingDivisionZybo.runs/FloatingPointDivision_processing_system7_0_1_synth_1/FloatingPointDivision_processing_system7_0_1.vds
# Journal file: C:/Users/OAkun/FloatingDivisionZybo/FloatingDivisionZybo.runs/FloatingPointDivision_processing_system7_0_1_synth_1\vivado.jou
#-----------------------------------------------------------
source FloatingPointDivision_processing_system7_0_1.tcl -notrace
