#-----------------------------------------------------------
# Vivado v2019.1 (64-bit)
# SW Build 2552052 on Fri May 24 14:49:42 MDT 2019
# IP Build 2548770 on Fri May 24 18:01:18 MDT 2019
# Start of session at: Tue Aug 31 21:09:32 2021
# Process ID: 7016
# Current directory: C:/Users/OAkun/Desktop/FPGADivisionFloatingPoint-b08b4753789be5527befda9a8a6824b56bb4a612/Division
# Command line: vivado.exe -gui_launcher_event rodinguilauncherevent13860 C:\Users\OAkun\Desktop\FPGADivisionFloatingPoint-b08b4753789be5527befda9a8a6824b56bb4a612\Division\Division.xpr
# Log file: C:/Users/OAkun/Desktop/FPGADivisionFloatingPoint-b08b4753789be5527befda9a8a6824b56bb4a612/Division/vivado.log
# Journal file: C:/Users/OAkun/Desktop/FPGADivisionFloatingPoint-b08b4753789be5527befda9a8a6824b56bb4a612/Division\vivado.jou
#-----------------------------------------------------------
start_gui
open_project C:/Users/OAkun/Desktop/FPGADivisionFloatingPoint-b08b4753789be5527befda9a8a6824b56bb4a612/Division/Division.xpr
update_compile_order -fileset sources_1
open_bd_design {C:/Users/OAkun/Desktop/FPGADivisionFloatingPoint-b08b4753789be5527befda9a8a6824b56bb4a612/Division/Division.srcs/sources_1/bd/Division/Division.bd}
write_bd_layout -format pdf -orientation portrait C:/Users/OAkun/Division/Division.srcs/SevenSegmentDisplay/Division.pdf
reset_run synth_1
launch_runs impl_1 -to_step write_bitstream -jobs 4
wait_on_run impl_1
reset_run synth_1
open_hw
connect_hw_server -url localhost:3121
current_hw_target [get_hw_targets */xilinx_tcf/Digilent/210292A8AD8EA]
set_property PARAM.FREQUENCY 15000000 [get_hw_targets */xilinx_tcf/Digilent/210292A8AD8EA]
open_hw_target
current_hw_device [get_hw_devices xc7a100t_0]
refresh_hw_device -update_hw_probes false [lindex [get_hw_devices xc7a100t_0] 0]
launch_runs impl_1 -to_step write_bitstream -jobs 4
wait_on_run impl_1
set_property PROBES.FILE {} [get_hw_devices xc7a100t_0]
set_property FULL_PROBES.FILE {} [get_hw_devices xc7a100t_0]
set_property PROGRAM.FILE {C:/Users/OAkun/Desktop/FPGADivisionFloatingPoint-b08b4753789be5527befda9a8a6824b56bb4a612/Division/Division.runs/impl_1/Division_wrapper.bit} [get_hw_devices xc7a100t_0]
program_hw_devices [get_hw_devices xc7a100t_0]
refresh_hw_device [lindex [get_hw_devices xc7a100t_0] 0]
open_bd_design {C:/Users/OAkun/Desktop/FPGADivisionFloatingPoint-b08b4753789be5527befda9a8a6824b56bb4a612/Division/Division.srcs/sources_1/bd/Division/Division.bd}
update_module_reference Division_DivisionTop_0_1
make_wrapper -files [get_files C:/Users/OAkun/Desktop/FPGADivisionFloatingPoint-b08b4753789be5527befda9a8a6824b56bb4a612/Division/Division.srcs/sources_1/bd/Division/Division.bd] -top
reset_run synth_1
launch_runs impl_1 -to_step write_bitstream -jobs 4
wait_on_run impl_1
set_property PROBES.FILE {} [get_hw_devices xc7a100t_0]
set_property FULL_PROBES.FILE {} [get_hw_devices xc7a100t_0]
set_property PROGRAM.FILE {C:/Users/OAkun/Desktop/FPGADivisionFloatingPoint-b08b4753789be5527befda9a8a6824b56bb4a612/Division/Division.runs/impl_1/Division_wrapper.bit} [get_hw_devices xc7a100t_0]
program_hw_devices [get_hw_devices xc7a100t_0]
refresh_hw_device [lindex [get_hw_devices xc7a100t_0] 0]
open_bd_design {C:/Users/OAkun/Desktop/FPGADivisionFloatingPoint-b08b4753789be5527befda9a8a6824b56bb4a612/Division/Division.srcs/sources_1/bd/Division/Division.bd}
update_module_reference Division_DivisionTop_0_1
make_wrapper -files [get_files C:/Users/OAkun/Desktop/FPGADivisionFloatingPoint-b08b4753789be5527befda9a8a6824b56bb4a612/Division/Division.srcs/sources_1/bd/Division/Division.bd] -top
reset_run synth_1
launch_runs impl_1 -to_step write_bitstream -jobs 4
wait_on_run impl_1
set_property PROBES.FILE {} [get_hw_devices xc7a100t_0]
set_property FULL_PROBES.FILE {} [get_hw_devices xc7a100t_0]
set_property PROGRAM.FILE {C:/Users/OAkun/Desktop/FPGADivisionFloatingPoint-b08b4753789be5527befda9a8a6824b56bb4a612/Division/Division.runs/impl_1/Division_wrapper.bit} [get_hw_devices xc7a100t_0]
program_hw_devices [get_hw_devices xc7a100t_0]
refresh_hw_device [lindex [get_hw_devices xc7a100t_0] 0]
open_bd_design {C:/Users/OAkun/Desktop/FPGADivisionFloatingPoint-b08b4753789be5527befda9a8a6824b56bb4a612/Division/Division.srcs/sources_1/bd/Division/Division.bd}
update_module_reference Division_DivisionTop_0_1
make_wrapper -files [get_files C:/Users/OAkun/Desktop/FPGADivisionFloatingPoint-b08b4753789be5527befda9a8a6824b56bb4a612/Division/Division.srcs/sources_1/bd/Division/Division.bd] -top
reset_run synth_1
launch_runs impl_1 -to_step write_bitstream -jobs 4
wait_on_run impl_1
set_property PROBES.FILE {} [get_hw_devices xc7a100t_0]
set_property FULL_PROBES.FILE {} [get_hw_devices xc7a100t_0]
set_property PROGRAM.FILE {C:/Users/OAkun/Desktop/FPGADivisionFloatingPoint-b08b4753789be5527befda9a8a6824b56bb4a612/Division/Division.runs/impl_1/Division_wrapper.bit} [get_hw_devices xc7a100t_0]
program_hw_devices [get_hw_devices xc7a100t_0]
refresh_hw_device [lindex [get_hw_devices xc7a100t_0] 0]
open_bd_design {C:/Users/OAkun/Desktop/FPGADivisionFloatingPoint-b08b4753789be5527befda9a8a6824b56bb4a612/Division/Division.srcs/sources_1/bd/Division/Division.bd}
update_module_reference Division_DivisionTop_0_1
make_wrapper -files [get_files C:/Users/OAkun/Desktop/FPGADivisionFloatingPoint-b08b4753789be5527befda9a8a6824b56bb4a612/Division/Division.srcs/sources_1/bd/Division/Division.bd] -top
reset_run synth_1
launch_runs impl_1 -to_step write_bitstream -jobs 4
wait_on_run impl_1
set_property PROBES.FILE {} [get_hw_devices xc7a100t_0]
set_property FULL_PROBES.FILE {} [get_hw_devices xc7a100t_0]
set_property PROGRAM.FILE {C:/Users/OAkun/Desktop/FPGADivisionFloatingPoint-b08b4753789be5527befda9a8a6824b56bb4a612/Division/Division.runs/impl_1/Division_wrapper.bit} [get_hw_devices xc7a100t_0]
program_hw_devices [get_hw_devices xc7a100t_0]
refresh_hw_device [lindex [get_hw_devices xc7a100t_0] 0]
