#-----------------------------------------------------------
# Vivado v2019.1 (64-bit)
# SW Build 2552052 on Fri May 24 14:49:42 MDT 2019
# IP Build 2548770 on Fri May 24 18:01:18 MDT 2019
# Start of session at: Wed Sep  1 14:04:29 2021
# Process ID: 14880
# Current directory: C:/Users/OAkun/Documents/GitHub/FPGADivision/FloatingPointDivisionNexys4DDR/FPFPGA/Division
# Command line: vivado.exe -gui_launcher_event rodinguilauncherevent11604 C:\Users\OAkun\Documents\GitHub\FPGADivision\FloatingPointDivisionNexys4DDR\FPFPGA\Division\Division.xpr
# Log file: C:/Users/OAkun/Documents/GitHub/FPGADivision/FloatingPointDivisionNexys4DDR/FPFPGA/Division/vivado.log
# Journal file: C:/Users/OAkun/Documents/GitHub/FPGADivision/FloatingPointDivisionNexys4DDR/FPFPGA/Division\vivado.jou
#-----------------------------------------------------------
start_gui
open_project C:/Users/OAkun/Documents/GitHub/FPGADivision/FloatingPointDivisionNexys4DDR/FPFPGA/Division/Division.xpr
update_compile_order -fileset sources_1
